Microsoft Windows [Version 6.1.7601]
Copyright (c) 2009 Microsoft Corporation.  All rights reserved.

F:\>::Create an empty Git repository
F:\>git init git_test1
Initialized empty Git repository in F:/git_test1/.git/

F:\>cd git_test1

F:\git_test1>ls -al
total 12
drwxr-xr-x 1 lakshmi 197121 0 Jul 29 18:05 .
drwxr-xr-x 1 lakshmi 197121 0 Jul 29 18:05 ..
drwxr-xr-x 1 lakshmi 197121 0 Jul 29 18:05 .git

F:\git_test1>tree .git
Folder PATH listing for volume New Volume
Volume serial number is AC8A-FB4C
F:\GIT_TEST1\.GIT
├───hooks
├───info
├───objects
│   ├───info
│   └───pack
└───refs
    ├───heads
    └───tags

F:\git_test1>::create file using cat command & press ctrl+d to save
F:\git_test1>cat > file1.txt
code 1
code 2
code 3
F:\git_test1>::see the content of file
F:\git_test1>cat file1.txt
code 1
code 2
code 3

F:\git_test1>git status
On branch master

No commits yet

Untracked files:
  (use "git add <file>..." to include in what will be committed)

        file1.txt

nothing added to commit but untracked files present (use "git add" to track)

F:\git_test1>git add file1.txt
warning: LF will be replaced by CRLF in file1.txt.
The file will have its original line endings in your working directory.

F:\git_test1>git status
On branch master

No commits yet

Changes to be committed:
  (use "git rm --cached <file>..." to unstage)

        new file:   file1.txt


F:\git_test1>::do modifications in file1.txt
F:\git_test1>cat >> file1.txt

code 4

F:\git_test1>cat file1.txt
code 1
code 2
code 3

code 4

F:\git_test1>git status
On branch master

No commits yet

Changes to be committed:
  (use "git rm --cached <file>..." to unstage)

        new file:   file1.txt

Changes not staged for commit:
  (use "git add <file>..." to update what will be committed)
  (use "git checkout -- <file>..." to discard changes in working directory)

        modified:   file1.txt


F:\git_test1>git diff
warning: LF will be replaced by CRLF in file1.txt.
The file will have its original line endings in your working directory.
diff --git a/file1.txt b/file1.txt
index 1257165..b66f24d 100644
--- a/file1.txt
+++ b/file1.txt
@@ -1,3 +1,5 @@
 code 1
 code 2
 code 3
+
+code 4

F:\git_test1>git add file1.txt
warning: LF will be replaced by CRLF in file1.txt.
The file will have its original line endings in your working directory.

F:\git_test1>git status
On branch master

No commits yet

Changes to be committed:
  (use "git rm --cached <file>..." to unstage)

        new file:   file1.txt


F:\git_test1>::save
F:\git_test1>git commit -m "this is my first commit"
[master (root-commit) 71f3518] this is my first commit
 1 file changed, 5 insertions(+)
 create mode 100644 file1.txt

F:\git_test1>git status
On branch master
nothing to commit, working tree clean

F:\git_test1>git log
commit 71f3518b1b700dd6954438bf2373cfcda8785b07 (HEAD -> master)
Author: karthee kumar vanama <kartheekumr.v39@gmail.com>
Date:   Sun Jul 29 18:10:22 2018 +0530

    this is my first commit

F:\git_test1>git log --oneline
71f3518 (HEAD -> master) this is my first commit

F:\git_test1>












